info: SafetyVision.Server.Inference.OnnxPpeDetector[0]
      ONNX 모델 로드 완료: C:\Users\user\SafetyVision_work\src\SafetyVision.Server\bin\Debug\net10.0\models\safetyvision_v2_640.onnx, 입력=images, 출력=output0
info: Program[0]
      PPE 검출기 준비 완료 (모델: ayushgupta7777/safetyvision-yolov8 v2, 경로: models/safetyvision_v2_640.onnx)
info: Microsoft.EntityFrameworkCore.Database.Command[20101]
      Executed DbCommand (6ms) [Parameters=[], CommandType='Text', CommandTimeout='30']
      SELECT GET_LOCK('__safetyvision_EFMigrationsLock', 259200)
info: Microsoft.EntityFrameworkCore.Database.Command[20101]
      Executed DbCommand (4ms) [Parameters=[], CommandType='Text', CommandTimeout='30']
      CREATE TABLE IF NOT EXISTS `__EFMigrationsHistory` (
          `MigrationId` varchar(150) CHARACTER SET utf8mb4 NOT NULL,
          `ProductVersion` varchar(32) CHARACTER SET utf8mb4 NOT NULL,
          CONSTRAINT `PK___EFMigrationsHistory` PRIMARY KEY (`MigrationId`)
      ) CHARACTER SET=utf8mb4;
info: Microsoft.EntityFrameworkCore.Database.Command[20101]
      Executed DbCommand (3ms) [Parameters=[], CommandType='Text', CommandTimeout='30']
      SELECT 1 FROM INFORMATION_SCHEMA.TABLES WHERE TABLE_SCHEMA='safetyvision' AND TABLE_NAME='__EFMigrationsHistory';
info: Microsoft.EntityFrameworkCore.Database.Command[20101]
      Executed DbCommand (2ms) [Parameters=[], CommandType='Text', CommandTimeout='30']
      SELECT `MigrationId`, `ProductVersion`
      FROM `__EFMigrationsHistory`
      ORDER BY `MigrationId`;
info: Microsoft.EntityFrameworkCore.Migrations[20405]
      No migrations were applied. The database is already up to date.
info: Microsoft.EntityFrameworkCore.Database.Command[20101]
      Executed DbCommand (0ms) [Parameters=[], CommandType='Text', CommandTimeout='30']
      SELECT RELEASE_LOCK('__safetyvision_EFMigrationsLock')
info: Microsoft.EntityFrameworkCore.Database.Command[20101]
      Executed DbCommand (0ms) [Parameters=[], CommandType='Text', CommandTimeout='30']
      SELECT EXISTS (
          SELECT 1
          FROM `Users` AS `u`
          WHERE `u`.`LoginId` = 'admin')
info: Program[0]
      MySQL 연결 및 마이그레이션 완료.
info: SafetyVision.Server.Networking.TcpServerHost[0]
      TCP 서버 시작: 포트 8910
info: Microsoft.EntityFrameworkCore.Database.Command[20101]
      Executed DbCommand (13ms) [Parameters=[@__loginId_0='?' (Size = 64)], CommandType='Text', CommandTimeout='30']
      SELECT `u`.`Id`, `u`.`CreatedAt`, `u`.`LoginId`, `u`.`Name`, `u`.`PasswordHash`
      FROM `Users` AS `u`
      WHERE `u`.`LoginId` = @__loginId_0
      LIMIT 2
info: Microsoft.EntityFrameworkCore.Database.Command[20101]
      Executed DbCommand (0ms) [Parameters=[], CommandType='Text', CommandTimeout='30']
      SELECT COUNT(*)
      FROM `Inspections` AS `i`
info: Microsoft.EntityFrameworkCore.Database.Command[20101]
      Executed DbCommand (0ms) [Parameters=[], CommandType='Text', CommandTimeout='30']
      SELECT COUNT(*)
      FROM `Inspections` AS `i`
      WHERE `i`.`Result` = 'NORMAL'
info: Microsoft.EntityFrameworkCore.Database.Command[20101]
      Executed DbCommand (0ms) [Parameters=[], CommandType='Text', CommandTimeout='30']
      SELECT COUNT(*)
      FROM `Inspections` AS `i`
      WHERE `i`.`Result` = 'CHECK_REQUIRED'
info: Microsoft.EntityFrameworkCore.Database.Command[20101]
      Executed DbCommand (0ms) [Parameters=[], CommandType='Text', CommandTimeout='30']
      SELECT COUNT(*)
      FROM `Inspections` AS `i`
      WHERE `i`.`Result` = 'UNCONFIRMED'
info: Microsoft.EntityFrameworkCore.Database.Command[20101]
      Executed DbCommand (0ms) [Parameters=[@__dbCode_0='?' (Size = 20)], CommandType='Text', CommandTimeout='30']
      SELECT COUNT(*)
      FROM `InspectionItems` AS `i`
      WHERE `i`.`EquipmentCode` = @__dbCode_0
info: Microsoft.EntityFrameworkCore.Database.Command[20101]
      Executed DbCommand (0ms) [Parameters=[@__dbCode_0='?' (Size = 20)], CommandType='Text', CommandTimeout='30']
      SELECT COUNT(*)
      FROM `InspectionItems` AS `i`
      WHERE (`i`.`EquipmentCode` = @__dbCode_0) AND (`i`.`Status` = 'WORN')
info: Microsoft.EntityFrameworkCore.Database.Command[20101]
      Executed DbCommand (0ms) [Parameters=[@__dbCode_0='?' (Size = 20)], CommandType='Text', CommandTimeout='30']
      SELECT COUNT(*)
      FROM `InspectionItems` AS `i`
      WHERE `i`.`EquipmentCode` = @__dbCode_0
info: Microsoft.EntityFrameworkCore.Database.Command[20101]
      Executed DbCommand (0ms) [Parameters=[@__dbCode_0='?' (Size = 20)], CommandType='Text', CommandTimeout='30']
      SELECT COUNT(*)
      FROM `InspectionItems` AS `i`
      WHERE (`i`.`EquipmentCode` = @__dbCode_0) AND (`i`.`Status` = 'WORN')
info: Microsoft.EntityFrameworkCore.Database.Command[20101]
      Executed DbCommand (0ms) [Parameters=[@__dbCode_0='?' (Size = 20)], CommandType='Text', CommandTimeout='30']
      SELECT COUNT(*)
      FROM `InspectionItems` AS `i`
      WHERE `i`.`EquipmentCode` = @__dbCode_0
info: Microsoft.EntityFrameworkCore.Database.Command[20101]
      Executed DbCommand (0ms) [Parameters=[@__dbCode_0='?' (Size = 20)], CommandType='Text', CommandTimeout='30']
      SELECT COUNT(*)
      FROM `InspectionItems` AS `i`
      WHERE (`i`.`EquipmentCode` = @__dbCode_0) AND (`i`.`Status` = 'WORN')
info: Microsoft.EntityFrameworkCore.Database.Command[20101]
      Executed DbCommand (1ms) [Parameters=[@__p_0='?' (DbType = Int32)], CommandType='Text', CommandTimeout='30']
      SELECT `i1`.`Id`, `i1`.`CreatedAt`, `i1`.`ImagePath`, `i1`.`InspectedAt`, `i1`.`InspectionKey`, `i1`.`ModelName`, `i1`.`ModelVersion`, `i1`.`PersonConfidence`, `i1`.`Result`, `i0`.`Id`, `i0`.`CreatedAt`, `i0`.`EquipmentCode`, `i0`.`InspectionId`, `i0`.`NegativeFrames`, `i0`.`PositiveFrames`, `i0`.`Score`, `i0`.`Status`, `i0`.`TotalFrames`
      FROM (
          SELECT `i`.`Id`, `i`.`CreatedAt`, `i`.`ImagePath`, `i`.`InspectedAt`, `i`.`InspectionKey`, `i`.`ModelName`, `i`.`ModelVersion`, `i`.`PersonConfidence`, `i`.`Result`
          FROM `Inspections` AS `i`
          ORDER BY `i`.`InspectedAt` DESC, `i`.`Id` DESC
          LIMIT @__p_0
      ) AS `i1`
      LEFT JOIN `InspectionItems` AS `i0` ON `i1`.`Id` = `i0`.`InspectionId`
      ORDER BY `i1`.`InspectedAt` DESC, `i1`.`Id` DESC
info: Microsoft.EntityFrameworkCore.Database.Command[20101]
      Executed DbCommand (0ms) [Parameters=[], CommandType='Text', CommandTimeout='30']
      SELECT COUNT(*)
      FROM `Inspections` AS `i`
info: Microsoft.EntityFrameworkCore.Database.Command[20101]
      Executed DbCommand (0ms) [Parameters=[], CommandType='Text', CommandTimeout='30']
      SELECT COUNT(*)
      FROM `Inspections` AS `i`
      WHERE `i`.`Result` = 'NORMAL'
info: Microsoft.EntityFrameworkCore.Database.Command[20101]
      Executed DbCommand (0ms) [Parameters=[], CommandType='Text', CommandTimeout='30']
      SELECT COUNT(*)
      FROM `Inspections` AS `i`
      WHERE `i`.`Result` = 'CHECK_REQUIRED'
info: Microsoft.EntityFrameworkCore.Database.Command[20101]
      Executed DbCommand (0ms) [Parameters=[], CommandType='Text', CommandTimeout='30']
      SELECT COUNT(*)
      FROM `Inspections` AS `i`
      WHERE `i`.`Result` = 'UNCONFIRMED'
info: Microsoft.EntityFrameworkCore.Database.Command[20101]
      Executed DbCommand (0ms) [Parameters=[@__dbCode_0='?' (Size = 20)], CommandType='Text', CommandTimeout='30']
      SELECT COUNT(*)
      FROM `InspectionItems` AS `i`
      WHERE `i`.`EquipmentCode` = @__dbCode_0
info: Microsoft.EntityFrameworkCore.Database.Command[20101]
      Executed DbCommand (0ms) [Parameters=[@__dbCode_0='?' (Size = 20)], CommandType='Text', CommandTimeout='30']
      SELECT COUNT(*)
      FROM `InspectionItems` AS `i`
      WHERE (`i`.`EquipmentCode` = @__dbCode_0) AND (`i`.`Status` = 'WORN')
info: Microsoft.EntityFrameworkCore.Database.Command[20101]
      Executed DbCommand (0ms) [Parameters=[@__dbCode_0='?' (Size = 20)], CommandType='Text', CommandTimeout='30']
      SELECT COUNT(*)
      FROM `InspectionItems` AS `i`
      WHERE `i`.`EquipmentCode` = @__dbCode_0
info: Microsoft.EntityFrameworkCore.Database.Command[20101]
      Executed DbCommand (0ms) [Parameters=[@__dbCode_0='?' (Size = 20)], CommandType='Text', CommandTimeout='30']
      SELECT COUNT(*)
      FROM `InspectionItems` AS `i`
      WHERE (`i`.`EquipmentCode` = @__dbCode_0) AND (`i`.`Status` = 'WORN')
info: Microsoft.EntityFrameworkCore.Database.Command[20101]
      Executed DbCommand (0ms) [Parameters=[@__dbCode_0='?' (Size = 20)], CommandType='Text', CommandTimeout='30']
      SELECT COUNT(*)
      FROM `InspectionItems` AS `i`
      WHERE `i`.`EquipmentCode` = @__dbCode_0
info: Microsoft.EntityFrameworkCore.Database.Command[20101]
      Executed DbCommand (0ms) [Parameters=[@__dbCode_0='?' (Size = 20)], CommandType='Text', CommandTimeout='30']
      SELECT COUNT(*)
      FROM `InspectionItems` AS `i`
      WHERE (`i`.`EquipmentCode` = @__dbCode_0) AND (`i`.`Status` = 'WORN')
info: Microsoft.EntityFrameworkCore.Database.Command[20101]
      Executed DbCommand (0ms) [Parameters=[@__p_0='?' (DbType = Int32)], CommandType='Text', CommandTimeout='30']
      SELECT `i1`.`Id`, `i1`.`CreatedAt`, `i1`.`ImagePath`, `i1`.`InspectedAt`, `i1`.`InspectionKey`, `i1`.`ModelName`, `i1`.`ModelVersion`, `i1`.`PersonConfidence`, `i1`.`Result`, `i0`.`Id`, `i0`.`CreatedAt`, `i0`.`EquipmentCode`, `i0`.`InspectionId`, `i0`.`NegativeFrames`, `i0`.`PositiveFrames`, `i0`.`Score`, `i0`.`Status`, `i0`.`TotalFrames`
      FROM (
          SELECT `i`.`Id`, `i`.`CreatedAt`, `i`.`ImagePath`, `i`.`InspectedAt`, `i`.`InspectionKey`, `i`.`ModelName`, `i`.`ModelVersion`, `i`.`PersonConfidence`, `i`.`Result`
          FROM `Inspections` AS `i`
          ORDER BY `i`.`InspectedAt` DESC, `i`.`Id` DESC
          LIMIT @__p_0
      ) AS `i1`
      LEFT JOIN `InspectionItems` AS `i0` ON `i1`.`Id` = `i0`.`InspectionId`
      ORDER BY `i1`.`InspectedAt` DESC, `i1`.`Id` DESC
info: Microsoft.EntityFrameworkCore.Database.Command[20101]
      Executed DbCommand (0ms) [Parameters=[@__dbCode_0='?' (Size = 20)], CommandType='Text', CommandTimeout='30']
      SELECT COUNT(*)
      FROM `InspectionItems` AS `i`
      WHERE (`i`.`EquipmentCode` = @__dbCode_0) AND (`i`.`Status` = 'WORN')
info: Microsoft.EntityFrameworkCore.Database.Command[20101]
      Executed DbCommand (0ms) [Parameters=[@__dbCode_0='?' (Size = 20)], CommandType='Text', CommandTimeout='30']
      SELECT COUNT(*)
      FROM `InspectionItems` AS `i`
      WHERE (`i`.`EquipmentCode` = @__dbCode_0) AND (`i`.`Status` = 'NOT_WORN')
info: Microsoft.EntityFrameworkCore.Database.Command[20101]
      Executed DbCommand (0ms) [Parameters=[@__dbCode_0='?' (Size = 20)], CommandType='Text', CommandTimeout='30']
      SELECT COUNT(*)
      FROM `InspectionItems` AS `i`
      WHERE (`i`.`EquipmentCode` = @__dbCode_0) AND (`i`.`Status` = 'UNKNOWN')
info: Microsoft.EntityFrameworkCore.Database.Command[20101]
      Executed DbCommand (0ms) [Parameters=[@__dbCode_0='?' (Size = 20)], CommandType='Text', CommandTimeout='30']
      SELECT COUNT(*)
      FROM `InspectionItems` AS `i`
      WHERE (`i`.`EquipmentCode` = @__dbCode_0) AND (`i`.`Status` = 'WORN')
info: Microsoft.EntityFrameworkCore.Database.Command[20101]
      Executed DbCommand (0ms) [Parameters=[@__dbCode_0='?' (Size = 20)], CommandType='Text', CommandTimeout='30']
      SELECT COUNT(*)
      FROM `InspectionItems` AS `i`
      WHERE (`i`.`EquipmentCode` = @__dbCode_0) AND (`i`.`Status` = 'NOT_WORN')
info: Microsoft.EntityFrameworkCore.Database.Command[20101]
      Executed DbCommand (0ms) [Parameters=[@__dbCode_0='?' (Size = 20)], CommandType='Text', CommandTimeout='30']
      SELECT COUNT(*)
      FROM `InspectionItems` AS `i`
      WHERE (`i`.`EquipmentCode` = @__dbCode_0) AND (`i`.`Status` = 'UNKNOWN')
info: Microsoft.EntityFrameworkCore.Database.Command[20101]
      Executed DbCommand (0ms) [Parameters=[@__dbCode_0='?' (Size = 20)], CommandType='Text', CommandTimeout='30']
      SELECT COUNT(*)
      FROM `InspectionItems` AS `i`
      WHERE (`i`.`EquipmentCode` = @__dbCode_0) AND (`i`.`Status` = 'WORN')
info: Microsoft.EntityFrameworkCore.Database.Command[20101]
      Executed DbCommand (0ms) [Parameters=[@__dbCode_0='?' (Size = 20)], CommandType='Text', CommandTimeout='30']
      SELECT COUNT(*)
      FROM `InspectionItems` AS `i`
      WHERE (`i`.`EquipmentCode` = @__dbCode_0) AND (`i`.`Status` = 'NOT_WORN')
info: Microsoft.EntityFrameworkCore.Database.Command[20101]
      Executed DbCommand (0ms) [Parameters=[@__dbCode_0='?' (Size = 20)], CommandType='Text', CommandTimeout='30']
      SELECT COUNT(*)
      FROM `InspectionItems` AS `i`
      WHERE (`i`.`EquipmentCode` = @__dbCode_0) AND (`i`.`Status` = 'UNKNOWN')
info: Microsoft.EntityFrameworkCore.Database.Command[20101]
      Executed DbCommand (2ms) [Parameters=[@__sinceUtc_0='?' (DbType = DateTime)], CommandType='Text', CommandTimeout='30']
      SELECT `i`.`InspectedAt`, `i`.`Result`
      FROM `Inspections` AS `i`
      WHERE `i`.`InspectedAt` >= @__sinceUtc_0
info: Microsoft.EntityFrameworkCore.Database.Command[20101]
      Executed DbCommand (0ms) [Parameters=[@__sinceUtc_0='?' (DbType = DateTime)], CommandType='Text', CommandTimeout='30']
      SELECT `i`.`InspectedAt`, `i`.`Result`
      FROM `Inspections` AS `i`
      WHERE `i`.`InspectedAt` >= @__sinceUtc_0
info: SafetyVision.Server.Networking.ClientSession[0]
      클라이언트 연결 종료: IOException
info: Microsoft.EntityFrameworkCore.Database.Command[20101]
      Executed DbCommand (0ms) [Parameters=[@__loginId_0='?' (Size = 64)], CommandType='Text', CommandTimeout='30']
      SELECT `u`.`Id`, `u`.`CreatedAt`, `u`.`LoginId`, `u`.`Name`, `u`.`PasswordHash`
      FROM `Users` AS `u`
      WHERE `u`.`LoginId` = @__loginId_0
      LIMIT 2
info: Microsoft.EntityFrameworkCore.Database.Command[20101]
      Executed DbCommand (0ms) [Parameters=[], CommandType='Text', CommandTimeout='30']
      SELECT COUNT(*)
      FROM `Inspections` AS `i`
info: Microsoft.EntityFrameworkCore.Database.Command[20101]
      Executed DbCommand (0ms) [Parameters=[], CommandType='Text', CommandTimeout='30']
      SELECT COUNT(*)
      FROM `Inspections` AS `i`
      WHERE `i`.`Result` = 'NORMAL'
info: Microsoft.EntityFrameworkCore.Database.Command[20101]
      Executed DbCommand (0ms) [Parameters=[], CommandType='Text', CommandTimeout='30']
      SELECT COUNT(*)
      FROM `Inspections` AS `i`
      WHERE `i`.`Result` = 'CHECK_REQUIRED'
info: Microsoft.EntityFrameworkCore.Database.Command[20101]
      Executed DbCommand (0ms) [Parameters=[], CommandType='Text', CommandTimeout='30']
      SELECT COUNT(*)
      FROM `Inspections` AS `i`
      WHERE `i`.`Result` = 'UNCONFIRMED'
info: Microsoft.EntityFrameworkCore.Database.Command[20101]
      Executed DbCommand (0ms) [Parameters=[@__dbCode_0='?' (Size = 20)], CommandType='Text', CommandTimeout='30']
      SELECT COUNT(*)
      FROM `InspectionItems` AS `i`
      WHERE `i`.`EquipmentCode` = @__dbCode_0
info: Microsoft.EntityFrameworkCore.Database.Command[20101]
      Executed DbCommand (0ms) [Parameters=[@__dbCode_0='?' (Size = 20)], CommandType='Text', CommandTimeout='30']
      SELECT COUNT(*)
      FROM `InspectionItems` AS `i`
      WHERE (`i`.`EquipmentCode` = @__dbCode_0) AND (`i`.`Status` = 'WORN')
info: Microsoft.EntityFrameworkCore.Database.Command[20101]
      Executed DbCommand (0ms) [Parameters=[@__dbCode_0='?' (Size = 20)], CommandType='Text', CommandTimeout='30']
      SELECT COUNT(*)
      FROM `InspectionItems` AS `i`
      WHERE `i`.`EquipmentCode` = @__dbCode_0
info: Microsoft.EntityFrameworkCore.Database.Command[20101]
      Executed DbCommand (0ms) [Parameters=[@__dbCode_0='?' (Size = 20)], CommandType='Text', CommandTimeout='30']
      SELECT COUNT(*)
      FROM `InspectionItems` AS `i`
      WHERE (`i`.`EquipmentCode` = @__dbCode_0) AND (`i`.`Status` = 'WORN')
info: Microsoft.EntityFrameworkCore.Database.Command[20101]
      Executed DbCommand (0ms) [Parameters=[@__dbCode_0='?' (Size = 20)], CommandType='Text', CommandTimeout='30']
      SELECT COUNT(*)
      FROM `InspectionItems` AS `i`
      WHERE `i`.`EquipmentCode` = @__dbCode_0
info: Microsoft.EntityFrameworkCore.Database.Command[20101]
      Executed DbCommand (0ms) [Parameters=[@__dbCode_0='?' (Size = 20)], CommandType='Text', CommandTimeout='30']
      SELECT COUNT(*)
      FROM `InspectionItems` AS `i`
      WHERE (`i`.`EquipmentCode` = @__dbCode_0) AND (`i`.`Status` = 'WORN')
info: Microsoft.EntityFrameworkCore.Database.Command[20101]
      Executed DbCommand (0ms) [Parameters=[@__p_0='?' (DbType = Int32)], CommandType='Text', CommandTimeout='30']
      SELECT `i1`.`Id`, `i1`.`CreatedAt`, `i1`.`ImagePath`, `i1`.`InspectedAt`, `i1`.`InspectionKey`, `i1`.`ModelName`, `i1`.`ModelVersion`, `i1`.`PersonConfidence`, `i1`.`Result`, `i0`.`Id`, `i0`.`CreatedAt`, `i0`.`EquipmentCode`, `i0`.`InspectionId`, `i0`.`NegativeFrames`, `i0`.`PositiveFrames`, `i0`.`Score`, `i0`.`Status`, `i0`.`TotalFrames`
      FROM (
          SELECT `i`.`Id`, `i`.`CreatedAt`, `i`.`ImagePath`, `i`.`InspectedAt`, `i`.`InspectionKey`, `i`.`ModelName`, `i`.`ModelVersion`, `i`.`PersonConfidence`, `i`.`Result`
          FROM `Inspections` AS `i`
          ORDER BY `i`.`InspectedAt` DESC, `i`.`Id` DESC
          LIMIT @__p_0
      ) AS `i1`
      LEFT JOIN `InspectionItems` AS `i0` ON `i1`.`Id` = `i0`.`InspectionId`
      ORDER BY `i1`.`InspectedAt` DESC, `i1`.`Id` DESC
info: Microsoft.EntityFrameworkCore.Database.Command[20101]
      Executed DbCommand (0ms) [Parameters=[], CommandType='Text', CommandTimeout='30']
      SELECT COUNT(*)
      FROM `Inspections` AS `i`
info: Microsoft.EntityFrameworkCore.Database.Command[20101]
      Executed DbCommand (0ms) [Parameters=[], CommandType='Text', CommandTimeout='30']
      SELECT COUNT(*)
      FROM `Inspections` AS `i`
      WHERE `i`.`Result` = 'NORMAL'
info: Microsoft.EntityFrameworkCore.Database.Command[20101]
      Executed DbCommand (0ms) [Parameters=[], CommandType='Text', CommandTimeout='30']
      SELECT COUNT(*)
      FROM `Inspections` AS `i`
      WHERE `i`.`Result` = 'CHECK_REQUIRED'
info: Microsoft.EntityFrameworkCore.Database.Command[20101]
      Executed DbCommand (0ms) [Parameters=[], CommandType='Text', CommandTimeout='30']
      SELECT COUNT(*)
      FROM `Inspections` AS `i`
      WHERE `i`.`Result` = 'UNCONFIRMED'
info: Microsoft.EntityFrameworkCore.Database.Command[20101]
      Executed DbCommand (0ms) [Parameters=[@__dbCode_0='?' (Size = 20)], CommandType='Text', CommandTimeout='30']
      SELECT COUNT(*)
      FROM `InspectionItems` AS `i`
      WHERE `i`.`EquipmentCode` = @__dbCode_0
info: Microsoft.EntityFrameworkCore.Database.Command[20101]
      Executed DbCommand (0ms) [Parameters=[@__dbCode_0='?' (Size = 20)], CommandType='Text', CommandTimeout='30']
      SELECT COUNT(*)
      FROM `InspectionItems` AS `i`
      WHERE (`i`.`EquipmentCode` = @__dbCode_0) AND (`i`.`Status` = 'WORN')
info: Microsoft.EntityFrameworkCore.Database.Command[20101]
      Executed DbCommand (0ms) [Parameters=[@__dbCode_0='?' (Size = 20)], CommandType='Text', CommandTimeout='30']
      SELECT COUNT(*)
      FROM `InspectionItems` AS `i`
      WHERE `i`.`EquipmentCode` = @__dbCode_0
info: Microsoft.EntityFrameworkCore.Database.Command[20101]
      Executed DbCommand (0ms) [Parameters=[@__dbCode_0='?' (Size = 20)], CommandType='Text', CommandTimeout='30']
      SELECT COUNT(*)
      FROM `InspectionItems` AS `i`
      WHERE (`i`.`EquipmentCode` = @__dbCode_0) AND (`i`.`Status` = 'WORN')
info: Microsoft.EntityFrameworkCore.Database.Command[20101]
      Executed DbCommand (0ms) [Parameters=[@__dbCode_0='?' (Size = 20)], CommandType='Text', CommandTimeout='30']
      SELECT COUNT(*)
      FROM `InspectionItems` AS `i`
      WHERE `i`.`EquipmentCode` = @__dbCode_0
info: Microsoft.EntityFrameworkCore.Database.Command[20101]
      Executed DbCommand (0ms) [Parameters=[@__dbCode_0='?' (Size = 20)], CommandType='Text', CommandTimeout='30']
      SELECT COUNT(*)
      FROM `InspectionItems` AS `i`
      WHERE (`i`.`EquipmentCode` = @__dbCode_0) AND (`i`.`Status` = 'WORN')
info: Microsoft.EntityFrameworkCore.Database.Command[20101]
      Executed DbCommand (0ms) [Parameters=[@__p_0='?' (DbType = Int32)], CommandType='Text', CommandTimeout='30']
      SELECT `i1`.`Id`, `i1`.`CreatedAt`, `i1`.`ImagePath`, `i1`.`InspectedAt`, `i1`.`InspectionKey`, `i1`.`ModelName`, `i1`.`ModelVersion`, `i1`.`PersonConfidence`, `i1`.`Result`, `i0`.`Id`, `i0`.`CreatedAt`, `i0`.`EquipmentCode`, `i0`.`InspectionId`, `i0`.`NegativeFrames`, `i0`.`PositiveFrames`, `i0`.`Score`, `i0`.`Status`, `i0`.`TotalFrames`
      FROM (
          SELECT `i`.`Id`, `i`.`CreatedAt`, `i`.`ImagePath`, `i`.`InspectedAt`, `i`.`InspectionKey`, `i`.`ModelName`, `i`.`ModelVersion`, `i`.`PersonConfidence`, `i`.`Result`
          FROM `Inspections` AS `i`
          ORDER BY `i`.`InspectedAt` DESC, `i`.`Id` DESC
          LIMIT @__p_0
      ) AS `i1`
      LEFT JOIN `InspectionItems` AS `i0` ON `i1`.`Id` = `i0`.`InspectionId`
      ORDER BY `i1`.`InspectedAt` DESC, `i1`.`Id` DESC
info: Microsoft.EntityFrameworkCore.Database.Command[20101]
      Executed DbCommand (0ms) [Parameters=[@__dbCode_0='?' (Size = 20)], CommandType='Text', CommandTimeout='30']
      SELECT COUNT(*)
      FROM `InspectionItems` AS `i`
      WHERE (`i`.`EquipmentCode` = @__dbCode_0) AND (`i`.`Status` = 'WORN')
info: Microsoft.EntityFrameworkCore.Database.Command[20101]
      Executed DbCommand (0ms) [Parameters=[@__dbCode_0='?' (Size = 20)], CommandType='Text', CommandTimeout='30']
      SELECT COUNT(*)
      FROM `InspectionItems` AS `i`
      WHERE (`i`.`EquipmentCode` = @__dbCode_0) AND (`i`.`Status` = 'NOT_WORN')
info: Microsoft.EntityFrameworkCore.Database.Command[20101]
      Executed DbCommand (0ms) [Parameters=[@__dbCode_0='?' (Size = 20)], CommandType='Text', CommandTimeout='30']
      SELECT COUNT(*)
      FROM `InspectionItems` AS `i`
      WHERE (`i`.`EquipmentCode` = @__dbCode_0) AND (`i`.`Status` = 'UNKNOWN')
info: Microsoft.EntityFrameworkCore.Database.Command[20101]
      Executed DbCommand (0ms) [Parameters=[@__dbCode_0='?' (Size = 20)], CommandType='Text', CommandTimeout='30']
      SELECT COUNT(*)
      FROM `InspectionItems` AS `i`
      WHERE (`i`.`EquipmentCode` = @__dbCode_0) AND (`i`.`Status` = 'WORN')
info: Microsoft.EntityFrameworkCore.Database.Command[20101]
      Executed DbCommand (0ms) [Parameters=[@__dbCode_0='?' (Size = 20)], CommandType='Text', CommandTimeout='30']
      SELECT COUNT(*)
      FROM `InspectionItems` AS `i`
      WHERE (`i`.`EquipmentCode` = @__dbCode_0) AND (`i`.`Status` = 'NOT_WORN')
info: Microsoft.EntityFrameworkCore.Database.Command[20101]
      Executed DbCommand (0ms) [Parameters=[@__dbCode_0='?' (Size = 20)], CommandType='Text', CommandTimeout='30']
      SELECT COUNT(*)
      FROM `InspectionItems` AS `i`
      WHERE (`i`.`EquipmentCode` = @__dbCode_0) AND (`i`.`Status` = 'UNKNOWN')
info: Microsoft.EntityFrameworkCore.Database.Command[20101]
      Executed DbCommand (0ms) [Parameters=[@__dbCode_0='?' (Size = 20)], CommandType='Text', CommandTimeout='30']
      SELECT COUNT(*)
      FROM `InspectionItems` AS `i`
      WHERE (`i`.`EquipmentCode` = @__dbCode_0) AND (`i`.`Status` = 'WORN')
info: Microsoft.EntityFrameworkCore.Database.Command[20101]
      Executed DbCommand (0ms) [Parameters=[@__dbCode_0='?' (Size = 20)], CommandType='Text', CommandTimeout='30']
      SELECT COUNT(*)
      FROM `InspectionItems` AS `i`
      WHERE (`i`.`EquipmentCode` = @__dbCode_0) AND (`i`.`Status` = 'NOT_WORN')
info: Microsoft.EntityFrameworkCore.Database.Command[20101]
      Executed DbCommand (0ms) [Parameters=[@__dbCode_0='?' (Size = 20)], CommandType='Text', CommandTimeout='30']
      SELECT COUNT(*)
      FROM `InspectionItems` AS `i`
      WHERE (`i`.`EquipmentCode` = @__dbCode_0) AND (`i`.`Status` = 'UNKNOWN')
info: Microsoft.EntityFrameworkCore.Database.Command[20101]
      Executed DbCommand (0ms) [Parameters=[@__sinceUtc_0='?' (DbType = DateTime)], CommandType='Text', CommandTimeout='30']
      SELECT `i`.`InspectedAt`, `i`.`Result`
      FROM `Inspections` AS `i`
      WHERE `i`.`InspectedAt` >= @__sinceUtc_0
info: Microsoft.EntityFrameworkCore.Database.Command[20101]
      Executed DbCommand (0ms) [Parameters=[@__sinceUtc_0='?' (DbType = DateTime)], CommandType='Text', CommandTimeout='30']
      SELECT `i`.`InspectedAt`, `i`.`Result`
      FROM `Inspections` AS `i`
      WHERE `i`.`InspectedAt` >= @__sinceUtc_0
info: Microsoft.EntityFrameworkCore.Database.Command[20101]
      Executed DbCommand (0ms) [Parameters=[], CommandType='Text', CommandTimeout='30']
      SELECT COUNT(*)
      FROM `Inspections` AS `i`
info: Microsoft.EntityFrameworkCore.Database.Command[20101]
      Executed DbCommand (0ms) [Parameters=[], CommandType='Text', CommandTimeout='30']
      SELECT COUNT(*)
      FROM `Inspections` AS `i`
      WHERE `i`.`Result` = 'NORMAL'
info: Microsoft.EntityFrameworkCore.Database.Command[20101]
      Executed DbCommand (0ms) [Parameters=[], CommandType='Text', CommandTimeout='30']
      SELECT COUNT(*)
      FROM `Inspections` AS `i`
      WHERE `i`.`Result` = 'CHECK_REQUIRED'
info: Microsoft.EntityFrameworkCore.Database.Command[20101]
      Executed DbCommand (0ms) [Parameters=[], CommandType='Text', CommandTimeout='30']
      SELECT COUNT(*)
      FROM `Inspections` AS `i`
      WHERE `i`.`Result` = 'UNCONFIRMED'
info: Microsoft.EntityFrameworkCore.Database.Command[20101]
      Executed DbCommand (0ms) [Parameters=[@__dbCode_0='?' (Size = 20)], CommandType='Text', CommandTimeout='30']
      SELECT COUNT(*)
      FROM `InspectionItems` AS `i`
      WHERE `i`.`EquipmentCode` = @__dbCode_0
info: Microsoft.EntityFrameworkCore.Database.Command[20101]
      Executed DbCommand (0ms) [Parameters=[@__dbCode_0='?' (Size = 20)], CommandType='Text', CommandTimeout='30']
      SELECT COUNT(*)
      FROM `InspectionItems` AS `i`
      WHERE (`i`.`EquipmentCode` = @__dbCode_0) AND (`i`.`Status` = 'WORN')
info: Microsoft.EntityFrameworkCore.Database.Command[20101]
      Executed DbCommand (0ms) [Parameters=[@__dbCode_0='?' (Size = 20)], CommandType='Text', CommandTimeout='30']
      SELECT COUNT(*)
      FROM `InspectionItems` AS `i`
      WHERE `i`.`EquipmentCode` = @__dbCode_0
info: Microsoft.EntityFrameworkCore.Database.Command[20101]
      Executed DbCommand (0ms) [Parameters=[@__dbCode_0='?' (Size = 20)], CommandType='Text', CommandTimeout='30']
      SELECT COUNT(*)
      FROM `InspectionItems` AS `i`
      WHERE (`i`.`EquipmentCode` = @__dbCode_0) AND (`i`.`Status` = 'WORN')
info: Microsoft.EntityFrameworkCore.Database.Command[20101]
      Executed DbCommand (0ms) [Parameters=[@__dbCode_0='?' (Size = 20)], CommandType='Text', CommandTimeout='30']
      SELECT COUNT(*)
      FROM `InspectionItems` AS `i`
      WHERE `i`.`EquipmentCode` = @__dbCode_0
info: Microsoft.EntityFrameworkCore.Database.Command[20101]
      Executed DbCommand (0ms) [Parameters=[@__dbCode_0='?' (Size = 20)], CommandType='Text', CommandTimeout='30']
      SELECT COUNT(*)
      FROM `InspectionItems` AS `i`
      WHERE (`i`.`EquipmentCode` = @__dbCode_0) AND (`i`.`Status` = 'WORN')
info: Microsoft.EntityFrameworkCore.Database.Command[20101]
      Executed DbCommand (0ms) [Parameters=[@__p_0='?' (DbType = Int32)], CommandType='Text', CommandTimeout='30']
      SELECT `i1`.`Id`, `i1`.`CreatedAt`, `i1`.`ImagePath`, `i1`.`InspectedAt`, `i1`.`InspectionKey`, `i1`.`ModelName`, `i1`.`ModelVersion`, `i1`.`PersonConfidence`, `i1`.`Result`, `i0`.`Id`, `i0`.`CreatedAt`, `i0`.`EquipmentCode`, `i0`.`InspectionId`, `i0`.`NegativeFrames`, `i0`.`PositiveFrames`, `i0`.`Score`, `i0`.`Status`, `i0`.`TotalFrames`
      FROM (
          SELECT `i`.`Id`, `i`.`CreatedAt`, `i`.`ImagePath`, `i`.`InspectedAt`, `i`.`InspectionKey`, `i`.`ModelName`, `i`.`ModelVersion`, `i`.`PersonConfidence`, `i`.`Result`
          FROM `Inspections` AS `i`
          ORDER BY `i`.`InspectedAt` DESC, `i`.`Id` DESC
          LIMIT @__p_0
      ) AS `i1`
      LEFT JOIN `InspectionItems` AS `i0` ON `i1`.`Id` = `i0`.`InspectionId`
      ORDER BY `i1`.`InspectedAt` DESC, `i1`.`Id` DESC
info: Microsoft.EntityFrameworkCore.Database.Command[20101]
      Executed DbCommand (0ms) [Parameters=[@__dbCode_0='?' (Size = 20)], CommandType='Text', CommandTimeout='30']
      SELECT COUNT(*)
      FROM `InspectionItems` AS `i`
      WHERE (`i`.`EquipmentCode` = @__dbCode_0) AND (`i`.`Status` = 'WORN')
info: Microsoft.EntityFrameworkCore.Database.Command[20101]
      Executed DbCommand (0ms) [Parameters=[@__dbCode_0='?' (Size = 20)], CommandType='Text', CommandTimeout='30']
      SELECT COUNT(*)
      FROM `InspectionItems` AS `i`
      WHERE (`i`.`EquipmentCode` = @__dbCode_0) AND (`i`.`Status` = 'NOT_WORN')
info: Microsoft.EntityFrameworkCore.Database.Command[20101]
      Executed DbCommand (0ms) [Parameters=[@__dbCode_0='?' (Size = 20)], CommandType='Text', CommandTimeout='30']
      SELECT COUNT(*)
      FROM `InspectionItems` AS `i`
      WHERE (`i`.`EquipmentCode` = @__dbCode_0) AND (`i`.`Status` = 'UNKNOWN')
info: Microsoft.EntityFrameworkCore.Database.Command[20101]
      Executed DbCommand (0ms) [Parameters=[@__dbCode_0='?' (Size = 20)], CommandType='Text', CommandTimeout='30']
      SELECT COUNT(*)
      FROM `InspectionItems` AS `i`
      WHERE (`i`.`EquipmentCode` = @__dbCode_0) AND (`i`.`Status` = 'WORN')
info: Microsoft.EntityFrameworkCore.Database.Command[20101]
      Executed DbCommand (0ms) [Parameters=[@__dbCode_0='?' (Size = 20)], CommandType='Text', CommandTimeout='30']
      SELECT COUNT(*)
      FROM `InspectionItems` AS `i`
      WHERE (`i`.`EquipmentCode` = @__dbCode_0) AND (`i`.`Status` = 'NOT_WORN')
info: Microsoft.EntityFrameworkCore.Database.Command[20101]
      Executed DbCommand (0ms) [Parameters=[@__dbCode_0='?' (Size = 20)], CommandType='Text', CommandTimeout='30']
      SELECT COUNT(*)
      FROM `InspectionItems` AS `i`
      WHERE (`i`.`EquipmentCode` = @__dbCode_0) AND (`i`.`Status` = 'UNKNOWN')
info: Microsoft.EntityFrameworkCore.Database.Command[20101]
      Executed DbCommand (0ms) [Parameters=[@__dbCode_0='?' (Size = 20)], CommandType='Text', CommandTimeout='30']
      SELECT COUNT(*)
      FROM `InspectionItems` AS `i`
      WHERE (`i`.`EquipmentCode` = @__dbCode_0) AND (`i`.`Status` = 'WORN')
info: Microsoft.EntityFrameworkCore.Database.Command[20101]
      Executed DbCommand (0ms) [Parameters=[@__dbCode_0='?' (Size = 20)], CommandType='Text', CommandTimeout='30']
      SELECT COUNT(*)
      FROM `InspectionItems` AS `i`
      WHERE (`i`.`EquipmentCode` = @__dbCode_0) AND (`i`.`Status` = 'NOT_WORN')
info: Microsoft.EntityFrameworkCore.Database.Command[20101]
      Executed DbCommand (0ms) [Parameters=[@__dbCode_0='?' (Size = 20)], CommandType='Text', CommandTimeout='30']
      SELECT COUNT(*)
      FROM `InspectionItems` AS `i`
      WHERE (`i`.`EquipmentCode` = @__dbCode_0) AND (`i`.`Status` = 'UNKNOWN')
info: Microsoft.EntityFrameworkCore.Database.Command[20101]
      Executed DbCommand (0ms) [Parameters=[@__sinceUtc_0='?' (DbType = DateTime)], CommandType='Text', CommandTimeout='30']
      SELECT `i`.`InspectedAt`, `i`.`Result`
      FROM `Inspections` AS `i`
      WHERE `i`.`InspectedAt` >= @__sinceUtc_0
info: Microsoft.EntityFrameworkCore.Database.Command[20101]
      Executed DbCommand (0ms) [Parameters=[@__sinceUtc_0='?' (DbType = DateTime)], CommandType='Text', CommandTimeout='30']
      SELECT `i`.`InspectedAt`, `i`.`Result`
      FROM `Inspections` AS `i`
      WHERE `i`.`InspectedAt` >= @__sinceUtc_0
info: Microsoft.EntityFrameworkCore.Database.Command[20101]
      Executed DbCommand (0ms) [Parameters=[], CommandType='Text', CommandTimeout='30']
      SELECT COUNT(*)
      FROM `Inspections` AS `i`
info: Microsoft.EntityFrameworkCore.Database.Command[20101]
      Executed DbCommand (0ms) [Parameters=[], CommandType='Text', CommandTimeout='30']
      SELECT COUNT(*)
      FROM `Inspections` AS `i`
      WHERE `i`.`Result` = 'NORMAL'
info: Microsoft.EntityFrameworkCore.Database.Command[20101]
      Executed DbCommand (0ms) [Parameters=[], CommandType='Text', CommandTimeout='30']
      SELECT COUNT(*)
      FROM `Inspections` AS `i`
      WHERE `i`.`Result` = 'CHECK_REQUIRED'
info: Microsoft.EntityFrameworkCore.Database.Command[20101]
      Executed DbCommand (0ms) [Parameters=[], CommandType='Text', CommandTimeout='30']
      SELECT COUNT(*)
      FROM `Inspections` AS `i`
      WHERE `i`.`Result` = 'UNCONFIRMED'
info: Microsoft.EntityFrameworkCore.Database.Command[20101]
      Executed DbCommand (0ms) [Parameters=[@__dbCode_0='?' (Size = 20)], CommandType='Text', CommandTimeout='30']
      SELECT COUNT(*)
      FROM `InspectionItems` AS `i`
      WHERE `i`.`EquipmentCode` = @__dbCode_0
info: Microsoft.EntityFrameworkCore.Database.Command[20101]
      Executed DbCommand (0ms) [Parameters=[@__dbCode_0='?' (Size = 20)], CommandType='Text', CommandTimeout='30']
      SELECT COUNT(*)
      FROM `InspectionItems` AS `i`
      WHERE (`i`.`EquipmentCode` = @__dbCode_0) AND (`i`.`Status` = 'WORN')
info: Microsoft.EntityFrameworkCore.Database.Command[20101]
      Executed DbCommand (0ms) [Parameters=[@__dbCode_0='?' (Size = 20)], CommandType='Text', CommandTimeout='30']
      SELECT COUNT(*)
      FROM `InspectionItems` AS `i`
      WHERE `i`.`EquipmentCode` = @__dbCode_0
info: Microsoft.EntityFrameworkCore.Database.Command[20101]
      Executed DbCommand (0ms) [Parameters=[@__dbCode_0='?' (Size = 20)], CommandType='Text', CommandTimeout='30']
      SELECT COUNT(*)
      FROM `InspectionItems` AS `i`
      WHERE (`i`.`EquipmentCode` = @__dbCode_0) AND (`i`.`Status` = 'WORN')
info: Microsoft.EntityFrameworkCore.Database.Command[20101]
      Executed DbCommand (0ms) [Parameters=[@__dbCode_0='?' (Size = 20)], CommandType='Text', CommandTimeout='30']
      SELECT COUNT(*)
      FROM `InspectionItems` AS `i`
      WHERE `i`.`EquipmentCode` = @__dbCode_0
info: Microsoft.EntityFrameworkCore.Database.Command[20101]
      Executed DbCommand (0ms) [Parameters=[@__dbCode_0='?' (Size = 20)], CommandType='Text', CommandTimeout='30']
      SELECT COUNT(*)
      FROM `InspectionItems` AS `i`
      WHERE (`i`.`EquipmentCode` = @__dbCode_0) AND (`i`.`Status` = 'WORN')
info: Microsoft.EntityFrameworkCore.Database.Command[20101]
      Executed DbCommand (0ms) [Parameters=[@__p_0='?' (DbType = Int32)], CommandType='Text', CommandTimeout='30']
      SELECT `i1`.`Id`, `i1`.`CreatedAt`, `i1`.`ImagePath`, `i1`.`InspectedAt`, `i1`.`InspectionKey`, `i1`.`ModelName`, `i1`.`ModelVersion`, `i1`.`PersonConfidence`, `i1`.`Result`, `i0`.`Id`, `i0`.`CreatedAt`, `i0`.`EquipmentCode`, `i0`.`InspectionId`, `i0`.`NegativeFrames`, `i0`.`PositiveFrames`, `i0`.`Score`, `i0`.`Status`, `i0`.`TotalFrames`
      FROM (
          SELECT `i`.`Id`, `i`.`CreatedAt`, `i`.`ImagePath`, `i`.`InspectedAt`, `i`.`InspectionKey`, `i`.`ModelName`, `i`.`ModelVersion`, `i`.`PersonConfidence`, `i`.`Result`
          FROM `Inspections` AS `i`
          ORDER BY `i`.`InspectedAt` DESC, `i`.`Id` DESC
          LIMIT @__p_0
      ) AS `i1`
      LEFT JOIN `InspectionItems` AS `i0` ON `i1`.`Id` = `i0`.`InspectionId`
      ORDER BY `i1`.`InspectedAt` DESC, `i1`.`Id` DESC
info: Microsoft.EntityFrameworkCore.Database.Command[20101]
      Executed DbCommand (0ms) [Parameters=[], CommandType='Text', CommandTimeout='30']
      SELECT COUNT(*)
      FROM `Inspections` AS `i`
info: Microsoft.EntityFrameworkCore.Database.Command[20101]
      Executed DbCommand (0ms) [Parameters=[], CommandType='Text', CommandTimeout='30']
      SELECT COUNT(*)
      FROM `Inspections` AS `i`
      WHERE `i`.`Result` = 'NORMAL'
info: Microsoft.EntityFrameworkCore.Database.Command[20101]
      Executed DbCommand (0ms) [Parameters=[], CommandType='Text', CommandTimeout='30']
      SELECT COUNT(*)
      FROM `Inspections` AS `i`
      WHERE `i`.`Result` = 'CHECK_REQUIRED'
info: Microsoft.EntityFrameworkCore.Database.Command[20101]
      Executed DbCommand (0ms) [Parameters=[], CommandType='Text', CommandTimeout='30']
      SELECT COUNT(*)
      FROM `Inspections` AS `i`
      WHERE `i`.`Result` = 'UNCONFIRMED'
info: Microsoft.EntityFrameworkCore.Database.Command[20101]
      Executed DbCommand (0ms) [Parameters=[@__dbCode_0='?' (Size = 20)], CommandType='Text', CommandTimeout='30']
      SELECT COUNT(*)
      FROM `InspectionItems` AS `i`
      WHERE `i`.`EquipmentCode` = @__dbCode_0
info: Microsoft.EntityFrameworkCore.Database.Command[20101]
      Executed DbCommand (0ms) [Parameters=[@__dbCode_0='?' (Size = 20)], CommandType='Text', CommandTimeout='30']
      SELECT COUNT(*)
      FROM `InspectionItems` AS `i`
      WHERE (`i`.`EquipmentCode` = @__dbCode_0) AND (`i`.`Status` = 'WORN')
info: Microsoft.EntityFrameworkCore.Database.Command[20101]
      Executed DbCommand (0ms) [Parameters=[@__dbCode_0='?' (Size = 20)], CommandType='Text', CommandTimeout='30']
      SELECT COUNT(*)
      FROM `InspectionItems` AS `i`
      WHERE `i`.`EquipmentCode` = @__dbCode_0
info: Microsoft.EntityFrameworkCore.Database.Command[20101]
      Executed DbCommand (0ms) [Parameters=[@__dbCode_0='?' (Size = 20)], CommandType='Text', CommandTimeout='30']
      SELECT COUNT(*)
      FROM `InspectionItems` AS `i`
      WHERE (`i`.`EquipmentCode` = @__dbCode_0) AND (`i`.`Status` = 'WORN')
info: Microsoft.EntityFrameworkCore.Database.Command[20101]
      Executed DbCommand (0ms) [Parameters=[@__dbCode_0='?' (Size = 20)], CommandType='Text', CommandTimeout='30']
      SELECT COUNT(*)
      FROM `InspectionItems` AS `i`
      WHERE `i`.`EquipmentCode` = @__dbCode_0
info: Microsoft.EntityFrameworkCore.Database.Command[20101]
      Executed DbCommand (0ms) [Parameters=[@__dbCode_0='?' (Size = 20)], CommandType='Text', CommandTimeout='30']
      SELECT COUNT(*)
      FROM `InspectionItems` AS `i`
      WHERE (`i`.`EquipmentCode` = @__dbCode_0) AND (`i`.`Status` = 'WORN')
info: Microsoft.EntityFrameworkCore.Database.Command[20101]
      Executed DbCommand (0ms) [Parameters=[@__p_0='?' (DbType = Int32)], CommandType='Text', CommandTimeout='30']
      SELECT `i1`.`Id`, `i1`.`CreatedAt`, `i1`.`ImagePath`, `i1`.`InspectedAt`, `i1`.`InspectionKey`, `i1`.`ModelName`, `i1`.`ModelVersion`, `i1`.`PersonConfidence`, `i1`.`Result`, `i0`.`Id`, `i0`.`CreatedAt`, `i0`.`EquipmentCode`, `i0`.`InspectionId`, `i0`.`NegativeFrames`, `i0`.`PositiveFrames`, `i0`.`Score`, `i0`.`Status`, `i0`.`TotalFrames`
      FROM (
          SELECT `i`.`Id`, `i`.`CreatedAt`, `i`.`ImagePath`, `i`.`InspectedAt`, `i`.`InspectionKey`, `i`.`ModelName`, `i`.`ModelVersion`, `i`.`PersonConfidence`, `i`.`Result`
          FROM `Inspections` AS `i`
          ORDER BY `i`.`InspectedAt` DESC, `i`.`Id` DESC
          LIMIT @__p_0
      ) AS `i1`
      LEFT JOIN `InspectionItems` AS `i0` ON `i1`.`Id` = `i0`.`InspectionId`
      ORDER BY `i1`.`InspectedAt` DESC, `i1`.`Id` DESC
info: Microsoft.EntityFrameworkCore.Database.Command[20101]
      Executed DbCommand (0ms) [Parameters=[@__dbCode_0='?' (Size = 20)], CommandType='Text', CommandTimeout='30']
      SELECT COUNT(*)
      FROM `InspectionItems` AS `i`
      WHERE (`i`.`EquipmentCode` = @__dbCode_0) AND (`i`.`Status` = 'WORN')
info: Microsoft.EntityFrameworkCore.Database.Command[20101]
      Executed DbCommand (0ms) [Parameters=[@__dbCode_0='?' (Size = 20)], CommandType='Text', CommandTimeout='30']
      SELECT COUNT(*)
      FROM `InspectionItems` AS `i`
      WHERE (`i`.`EquipmentCode` = @__dbCode_0) AND (`i`.`Status` = 'NOT_WORN')
info: Microsoft.EntityFrameworkCore.Database.Command[20101]
      Executed DbCommand (0ms) [Parameters=[@__dbCode_0='?' (Size = 20)], CommandType='Text', CommandTimeout='30']
      SELECT COUNT(*)
      FROM `InspectionItems` AS `i`
      WHERE (`i`.`EquipmentCode` = @__dbCode_0) AND (`i`.`Status` = 'UNKNOWN')
info: Microsoft.EntityFrameworkCore.Database.Command[20101]
      Executed DbCommand (0ms) [Parameters=[@__dbCode_0='?' (Size = 20)], CommandType='Text', CommandTimeout='30']
      SELECT COUNT(*)
      FROM `InspectionItems` AS `i`
      WHERE (`i`.`EquipmentCode` = @__dbCode_0) AND (`i`.`Status` = 'WORN')
info: Microsoft.EntityFrameworkCore.Database.Command[20101]
      Executed DbCommand (0ms) [Parameters=[@__dbCode_0='?' (Size = 20)], CommandType='Text', CommandTimeout='30']
      SELECT COUNT(*)
      FROM `InspectionItems` AS `i`
      WHERE (`i`.`EquipmentCode` = @__dbCode_0) AND (`i`.`Status` = 'NOT_WORN')
info: Microsoft.EntityFrameworkCore.Database.Command[20101]
      Executed DbCommand (0ms) [Parameters=[@__dbCode_0='?' (Size = 20)], CommandType='Text', CommandTimeout='30']
      SELECT COUNT(*)
      FROM `InspectionItems` AS `i`
      WHERE (`i`.`EquipmentCode` = @__dbCode_0) AND (`i`.`Status` = 'UNKNOWN')
info: Microsoft.EntityFrameworkCore.Database.Command[20101]
      Executed DbCommand (0ms) [Parameters=[@__dbCode_0='?' (Size = 20)], CommandType='Text', CommandTimeout='30']
      SELECT COUNT(*)
      FROM `InspectionItems` AS `i`
      WHERE (`i`.`EquipmentCode` = @__dbCode_0) AND (`i`.`Status` = 'WORN')
info: Microsoft.EntityFrameworkCore.Database.Command[20101]
      Executed DbCommand (0ms) [Parameters=[@__dbCode_0='?' (Size = 20)], CommandType='Text', CommandTimeout='30']
      SELECT COUNT(*)
      FROM `InspectionItems` AS `i`
      WHERE (`i`.`EquipmentCode` = @__dbCode_0) AND (`i`.`Status` = 'NOT_WORN')
info: Microsoft.EntityFrameworkCore.Database.Command[20101]
      Executed DbCommand (0ms) [Parameters=[@__dbCode_0='?' (Size = 20)], CommandType='Text', CommandTimeout='30']
      SELECT COUNT(*)
      FROM `InspectionItems` AS `i`
      WHERE (`i`.`EquipmentCode` = @__dbCode_0) AND (`i`.`Status` = 'UNKNOWN')
info: Microsoft.EntityFrameworkCore.Database.Command[20101]
      Executed DbCommand (0ms) [Parameters=[@__sinceUtc_0='?' (DbType = DateTime)], CommandType='Text', CommandTimeout='30']
      SELECT `i`.`InspectedAt`, `i`.`Result`
      FROM `Inspections` AS `i`
      WHERE `i`.`InspectedAt` >= @__sinceUtc_0
info: Microsoft.EntityFrameworkCore.Database.Command[20101]
      Executed DbCommand (0ms) [Parameters=[@__sinceUtc_0='?' (DbType = DateTime)], CommandType='Text', CommandTimeout='30']
      SELECT `i`.`InspectedAt`, `i`.`Result`
      FROM `Inspections` AS `i`
      WHERE `i`.`InspectedAt` >= @__sinceUtc_0
info: SafetyVision.Server.Networking.ClientSession[0]
      클라이언트 연결 종료: IOException
